client @ idle , client-0 @ check , client-1 @ check , server @ ready ; client -> confirm! / client-0 -> client-0 , client-1 -> check=>check@0 / client-1 -> client
client @ idle , client-0 @ check , client-1 @ check , server @ ready ; client -> confirm! / client-0 -> client-0 , client-1 -> check@0 / client-1 -> client
client @ idle , client-0 @ check , client-1 @ check , server @ ready ; client -> confirm! / client-1 -> client-1 , client-0 -> check=>check@0 / client-0 -> client
client @ idle , client-0 @ check , client-1 @ check , server @ ready ; client -> confirm! / client-1 -> client-1 , client-0 -> check@0 / client-0 -> client
client @ idle , client-0 @ check , client-1 @ check , server @ ready ; client-0 -> check=>check@0 / client-0 -> client , client-1 -> check=>check@0 / client-1 -> client
client @ idle , client-0 @ check , client-1 @ check , server @ ready ; client-0 -> check=>check@0 / client-0 -> client , client-1 -> check@0 / client-1 -> client
client @ idle , client-0 @ check , client-1 @ check , server @ ready ; client-0 -> check@0 / client-0 -> client , client-1 -> check=>check@0 / client-1 -> client
client @ idle , client-0 @ check , client-1 @ check , server @ ready ; client-0 -> check@0 / client-0 -> client , client-1 -> check@0 / client-1 -> client
client @ idle , client-0 @ check , client-1 @ idle , server @ ready ; client -> confirm! / client-0 -> client-0
client @ idle , client-0 @ check , client-1 @ idle , server @ ready ; client-0 -> check=>check@0 / client-0 -> client
client @ idle , client-0 @ check , client-1 @ idle , server @ ready ; client-0 -> check@0 / client-0 -> client
client @ idle , client-0 @ check , client-1 @ wait / 1 , server @ busy / client-1 ; client -> confirm! / client-0 -> client-0
client @ idle , client-0 @ check , client-1 @ wait / 1 , server @ busy / client-1 ; client-0 -> check=>check@0 / client-0 -> client
client @ idle , client-0 @ check , client-1 @ wait / 1 , server @ busy / client-1 ; client-0 -> check@0 / client-0 -> client
client @ idle , client-0 @ check , client-1 @ wait / 1 , server @ ready ; client -> confirm! / client-0 -> client-0 , client-1 -> request@0 / client-1 -> server
client @ idle , client-0 @ check , client-1 @ wait / 1 , server @ ready ; client -> confirm! / client-0 -> client-0 , server -> response@0 / client-1 -> client-1
client @ idle , client-0 @ check , client-1 @ wait / 1 , server @ ready ; client-0 -> check=>check@0 / client-0 -> client , client-1 -> request@0 / client-1 -> server
client @ idle , client-0 @ check , client-1 @ wait / 1 , server @ ready ; client-0 -> check=>check@0 / client-0 -> client , server -> response@0 / client-1 -> client-1
client @ idle , client-0 @ check , client-1 @ wait / 1 , server @ ready ; client-0 -> check@0 / client-0 -> client , client-1 -> request@0 / client-1 -> server
client @ idle , client-0 @ check , client-1 @ wait / 1 , server @ ready ; client-0 -> check@0 / client-0 -> client , server -> response@0 / client-1 -> client-1
client @ idle , client-0 @ check , client-1 @ wait / 2 , server @ busy / client-1 ; client -> confirm! / client-0 -> client-0 , client-1 -> request@0 / client-1 -> server
client @ idle , client-0 @ check , client-1 @ wait / 2 , server @ busy / client-1 ; client -> confirm! / client-0 -> client-0 , server -> response@0 / client-1 -> client-1
client @ idle , client-0 @ check , client-1 @ wait / 2 , server @ busy / client-1 ; client-0 -> check=>check@0 / client-0 -> client , client-1 -> request@0 / client-1 -> server
client @ idle , client-0 @ check , client-1 @ wait / 2 , server @ busy / client-1 ; client-0 -> check=>check@0 / client-0 -> client , server -> response@0 / client-1 -> client-1
client @ idle , client-0 @ check , client-1 @ wait / 2 , server @ busy / client-1 ; client-0 -> check@0 / client-0 -> client , client-1 -> request@0 / client-1 -> server
client @ idle , client-0 @ check , client-1 @ wait / 2 , server @ busy / client-1 ; client-0 -> check@0 / client-0 -> client , server -> response@0 / client-1 -> client-1
client @ idle , client-0 @ check , client-1 @ wait / 2 , server @ ready ; client -> confirm! / client-0 -> client-0 , client-1 -> request@0 / client-1 -> server , client-1 -> request@1 / client-1 -> server
client @ idle , client-0 @ check , client-1 @ wait / 2 , server @ ready ; client -> confirm! / client-0 -> client-0 , client-1 -> request@0 / client-1 -> server , server -> response@0 / client-1 -> client-1
client @ idle , client-0 @ check , client-1 @ wait / 2 , server @ ready ; client -> confirm! / client-0 -> client-0 , server -> response@0 / client-1 -> client-1 , server -> response@1 / client-1 -> client-1
client @ idle , client-0 @ check , client-1 @ wait / 2 , server @ ready ; client-0 -> check=>check@0 / client-0 -> client , client-1 -> request@0 / client-1 -> server , client-1 -> request@1 / client-1 -> server
client @ idle , client-0 @ check , client-1 @ wait / 2 , server @ ready ; client-0 -> check=>check@0 / client-0 -> client , client-1 -> request@0 / client-1 -> server , server -> response@0 / client-1 -> client-1
client @ idle , client-0 @ check , client-1 @ wait / 2 , server @ ready ; client-0 -> check=>check@0 / client-0 -> client , server -> response@0 / client-1 -> client-1 , server -> response@1 / client-1 -> client-1
client @ idle , client-0 @ check , client-1 @ wait / 2 , server @ ready ; client-0 -> check@0 / client-0 -> client , client-1 -> request@0 / client-1 -> server , client-1 -> request@1 / client-1 -> server
client @ idle , client-0 @ check , client-1 @ wait / 2 , server @ ready ; client-0 -> check@0 / client-0 -> client , client-1 -> request@0 / client-1 -> server , server -> response@0 / client-1 -> client-1
client @ idle , client-0 @ check , client-1 @ wait / 2 , server @ ready ; client-0 -> check@0 / client-0 -> client , server -> response@0 / client-1 -> client-1 , server -> response@1 / client-1 -> client-1
client @ idle , client-0 @ idle , client-1 @ check , server @ ready ; client -> confirm! / client-1 -> client-1
client @ idle , client-0 @ idle , client-1 @ check , server @ ready ; client-1 -> check=>check@0 / client-1 -> client
client @ idle , client-0 @ idle , client-1 @ check , server @ ready ; client-1 -> check@0 / client-1 -> client
client @ idle , client-0 @ idle , client-1 @ idle , server @ ready
client @ idle , client-0 @ idle , client-1 @ wait / 1 , server @ busy / client-1
client @ idle , client-0 @ idle , client-1 @ wait / 1 , server @ ready ; client-1 -> request@0 / client-1 -> server
client @ idle , client-0 @ idle , client-1 @ wait / 1 , server @ ready ; server -> response@0 / client-1 -> client-1
client @ idle , client-0 @ idle , client-1 @ wait / 2 , server @ busy / client-1 ; client-1 -> request@0 / client-1 -> server
client @ idle , client-0 @ idle , client-1 @ wait / 2 , server @ busy / client-1 ; server -> response@0 / client-1 -> client-1
client @ idle , client-0 @ idle , client-1 @ wait / 2 , server @ ready ; client-1 -> request@0 / client-1 -> server , client-1 -> request@1 / client-1 -> server
client @ idle , client-0 @ idle , client-1 @ wait / 2 , server @ ready ; client-1 -> request@0 / client-1 -> server , server -> response@0 / client-1 -> client-1
client @ idle , client-0 @ idle , client-1 @ wait / 2 , server @ ready ; server -> response@0 / client-1 -> client-1 , server -> response@1 / client-1 -> client-1
client @ idle , client-0 @ wait / 1 , client-1 @ check , server @ busy / client-0 ; client -> confirm! / client-1 -> client-1
client @ idle , client-0 @ wait / 1 , client-1 @ check , server @ busy / client-0 ; client-1 -> check=>check@0 / client-1 -> client
client @ idle , client-0 @ wait / 1 , client-1 @ check , server @ busy / client-0 ; client-1 -> check@0 / client-1 -> client
client @ idle , client-0 @ wait / 1 , client-1 @ check , server @ ready ; client -> confirm! / client-1 -> client-1 , client-0 -> request@0 / client-0 -> server
client @ idle , client-0 @ wait / 1 , client-1 @ check , server @ ready ; client -> confirm! / client-1 -> client-1 , server -> response@0 / client-0 -> client-0
client @ idle , client-0 @ wait / 1 , client-1 @ check , server @ ready ; client-0 -> request@0 / client-0 -> server , client-1 -> check=>check@0 / client-1 -> client
client @ idle , client-0 @ wait / 1 , client-1 @ check , server @ ready ; client-0 -> request@0 / client-0 -> server , client-1 -> check@0 / client-1 -> client
client @ idle , client-0 @ wait / 1 , client-1 @ check , server @ ready ; client-1 -> check=>check@0 / client-1 -> client , server -> response@0 / client-0 -> client-0
client @ idle , client-0 @ wait / 1 , client-1 @ check , server @ ready ; client-1 -> check@0 / client-1 -> client , server -> response@0 / client-0 -> client-0
client @ idle , client-0 @ wait / 1 , client-1 @ idle , server @ busy / client-0
client @ idle , client-0 @ wait / 1 , client-1 @ idle , server @ ready ; client-0 -> request@0 / client-0 -> server
client @ idle , client-0 @ wait / 1 , client-1 @ idle , server @ ready ; server -> response@0 / client-0 -> client-0
client @ idle , client-0 @ wait / 1 , client-1 @ wait / 1 , server @ busy / client-0 ; client-1 -> request@0 / client-1 -> server
client @ idle , client-0 @ wait / 1 , client-1 @ wait / 1 , server @ busy / client-0 ; server -> response@0 / client-1 -> client-1
client @ idle , client-0 @ wait / 1 , client-1 @ wait / 1 , server @ busy / client-1 ; client-0 -> request@0 / client-0 -> server
client @ idle , client-0 @ wait / 1 , client-1 @ wait / 1 , server @ busy / client-1 ; server -> response@0 / client-0 -> client-0
client @ idle , client-0 @ wait / 1 , client-1 @ wait / 1 , server @ ready ; client-0 -> request@0 / client-0 -> server , client-1 -> request@0 / client-1 -> server
client @ idle , client-0 @ wait / 1 , client-1 @ wait / 1 , server @ ready ; client-0 -> request@0 / client-0 -> server , server -> response@0 / client-1 -> client-1
client @ idle , client-0 @ wait / 1 , client-1 @ wait / 1 , server @ ready ; client-1 -> request@0 / client-1 -> server , server -> response@0 / client-0 -> client-0
client @ idle , client-0 @ wait / 1 , client-1 @ wait / 1 , server @ ready ; server -> response@0 / client-0 -> client-0 , server -> response@0 / client-1 -> client-1
client @ idle , client-0 @ wait / 1 , client-1 @ wait / 2 , server @ busy / client-0 ; client-1 -> request@0 / client-1 -> server , client-1 -> request@1 / client-1 -> server
client @ idle , client-0 @ wait / 1 , client-1 @ wait / 2 , server @ busy / client-0 ; client-1 -> request@0 / client-1 -> server , server -> response@0 / client-1 -> client-1
client @ idle , client-0 @ wait / 1 , client-1 @ wait / 2 , server @ busy / client-0 ; server -> response@0 / client-1 -> client-1 , server -> response@1 / client-1 -> client-1
client @ idle , client-0 @ wait / 1 , client-1 @ wait / 2 , server @ busy / client-1 ; client-0 -> request@0 / client-0 -> server , client-1 -> request@0 / client-1 -> server
client @ idle , client-0 @ wait / 1 , client-1 @ wait / 2 , server @ busy / client-1 ; client-0 -> request@0 / client-0 -> server , server -> response@0 / client-1 -> client-1
client @ idle , client-0 @ wait / 1 , client-1 @ wait / 2 , server @ busy / client-1 ; client-1 -> request@0 / client-1 -> server , server -> response@0 / client-0 -> client-0
client @ idle , client-0 @ wait / 1 , client-1 @ wait / 2 , server @ busy / client-1 ; server -> response@0 / client-0 -> client-0 , server -> response@0 / client-1 -> client-1
client @ idle , client-0 @ wait / 1 , client-1 @ wait / 2 , server @ ready ; client-0 -> request@0 / client-0 -> server , client-1 -> request@0 / client-1 -> server , client-1 -> request@1 / client-1 -> server
client @ idle , client-0 @ wait / 1 , client-1 @ wait / 2 , server @ ready ; client-0 -> request@0 / client-0 -> server , client-1 -> request@0 / client-1 -> server , server -> response@0 / client-1 -> client-1
client @ idle , client-0 @ wait / 1 , client-1 @ wait / 2 , server @ ready ; client-0 -> request@0 / client-0 -> server , server -> response@0 / client-1 -> client-1 , server -> response@1 / client-1 -> client-1
client @ idle , client-0 @ wait / 1 , client-1 @ wait / 2 , server @ ready ; client-1 -> request@0 / client-1 -> server , client-1 -> request@1 / client-1 -> server , server -> response@0 / client-0 -> client-0
client @ idle , client-0 @ wait / 1 , client-1 @ wait / 2 , server @ ready ; client-1 -> request@0 / client-1 -> server , server -> response@0 / client-0 -> client-0 , server -> response@0 / client-1 -> client-1
client @ idle , client-0 @ wait / 1 , client-1 @ wait / 2 , server @ ready ; server -> response@0 / client-0 -> client-0 , server -> response@0 / client-1 -> client-1 , server -> response@1 / client-1 -> client-1
client @ idle , client-0 @ wait / 2 , client-1 @ check , server @ busy / client-0 ; client -> confirm! / client-1 -> client-1 , client-0 -> request@0 / client-0 -> server
client @ idle , client-0 @ wait / 2 , client-1 @ check , server @ busy / client-0 ; client -> confirm! / client-1 -> client-1 , server -> response@0 / client-0 -> client-0
client @ idle , client-0 @ wait / 2 , client-1 @ check , server @ busy / client-0 ; client-0 -> request@0 / client-0 -> server , client-1 -> check=>check@0 / client-1 -> client
client @ idle , client-0 @ wait / 2 , client-1 @ check , server @ busy / client-0 ; client-0 -> request@0 / client-0 -> server , client-1 -> check@0 / client-1 -> client
client @ idle , client-0 @ wait / 2 , client-1 @ check , server @ busy / client-0 ; client-1 -> check=>check@0 / client-1 -> client , server -> response@0 / client-0 -> client-0
client @ idle , client-0 @ wait / 2 , client-1 @ check , server @ busy / client-0 ; client-1 -> check@0 / client-1 -> client , server -> response@0 / client-0 -> client-0
client @ idle , client-0 @ wait / 2 , client-1 @ check , server @ ready ; client -> confirm! / client-1 -> client-1 , client-0 -> request@0 / client-0 -> server , client-0 -> request@1 / client-0 -> server
client @ idle , client-0 @ wait / 2 , client-1 @ check , server @ ready ; client -> confirm! / client-1 -> client-1 , client-0 -> request@0 / client-0 -> server , server -> response@0 / client-0 -> client-0
client @ idle , client-0 @ wait / 2 , client-1 @ check , server @ ready ; client -> confirm! / client-1 -> client-1 , server -> response@0 / client-0 -> client-0 , server -> response@1 / client-0 -> client-0
client @ idle , client-0 @ wait / 2 , client-1 @ check , server @ ready ; client-0 -> request@0 / client-0 -> server , client-0 -> request@1 / client-0 -> server , client-1 -> check=>check@0 / client-1 -> client
client @ idle , client-0 @ wait / 2 , client-1 @ check , server @ ready ; client-0 -> request@0 / client-0 -> server , client-0 -> request@1 / client-0 -> server , client-1 -> check@0 / client-1 -> client
client @ idle , client-0 @ wait / 2 , client-1 @ check , server @ ready ; client-0 -> request@0 / client-0 -> server , client-1 -> check=>check@0 / client-1 -> client , server -> response@0 / client-0 -> client-0
client @ idle , client-0 @ wait / 2 , client-1 @ check , server @ ready ; client-0 -> request@0 / client-0 -> server , client-1 -> check@0 / client-1 -> client , server -> response@0 / client-0 -> client-0
client @ idle , client-0 @ wait / 2 , client-1 @ check , server @ ready ; client-1 -> check=>check@0 / client-1 -> client , server -> response@0 / client-0 -> client-0 , server -> response@1 / client-0 -> client-0
client @ idle , client-0 @ wait / 2 , client-1 @ check , server @ ready ; client-1 -> check@0 / client-1 -> client , server -> response@0 / client-0 -> client-0 , server -> response@1 / client-0 -> client-0
client @ idle , client-0 @ wait / 2 , client-1 @ idle , server @ busy / client-0 ; client-0 -> request@0 / client-0 -> server
client @ idle , client-0 @ wait / 2 , client-1 @ idle , server @ busy / client-0 ; server -> response@0 / client-0 -> client-0
client @ idle , client-0 @ wait / 2 , client-1 @ idle , server @ ready ; client-0 -> request@0 / client-0 -> server , client-0 -> request@1 / client-0 -> server
client @ idle , client-0 @ wait / 2 , client-1 @ idle , server @ ready ; client-0 -> request@0 / client-0 -> server , server -> response@0 / client-0 -> client-0
client @ idle , client-0 @ wait / 2 , client-1 @ idle , server @ ready ; server -> response@0 / client-0 -> client-0 , server -> response@1 / client-0 -> client-0
client @ idle , client-0 @ wait / 2 , client-1 @ wait / 1 , server @ busy / client-0 ; client-0 -> request@0 / client-0 -> server , client-1 -> request@0 / client-1 -> server
client @ idle , client-0 @ wait / 2 , client-1 @ wait / 1 , server @ busy / client-0 ; client-0 -> request@0 / client-0 -> server , server -> response@0 / client-1 -> client-1
client @ idle , client-0 @ wait / 2 , client-1 @ wait / 1 , server @ busy / client-0 ; client-1 -> request@0 / client-1 -> server , server -> response@0 / client-0 -> client-0
client @ idle , client-0 @ wait / 2 , client-1 @ wait / 1 , server @ busy / client-0 ; server -> response@0 / client-0 -> client-0 , server -> response@0 / client-1 -> client-1
client @ idle , client-0 @ wait / 2 , client-1 @ wait / 1 , server @ busy / client-1 ; client-0 -> request@0 / client-0 -> server , client-0 -> request@1 / client-0 -> server
client @ idle , client-0 @ wait / 2 , client-1 @ wait / 1 , server @ busy / client-1 ; client-0 -> request@0 / client-0 -> server , server -> response@0 / client-0 -> client-0
client @ idle , client-0 @ wait / 2 , client-1 @ wait / 1 , server @ busy / client-1 ; server -> response@0 / client-0 -> client-0 , server -> response@1 / client-0 -> client-0
client @ idle , client-0 @ wait / 2 , client-1 @ wait / 1 , server @ ready ; client-0 -> request@0 / client-0 -> server , client-0 -> request@1 / client-0 -> server , client-1 -> request@0 / client-1 -> server
client @ idle , client-0 @ wait / 2 , client-1 @ wait / 1 , server @ ready ; client-0 -> request@0 / client-0 -> server , client-0 -> request@1 / client-0 -> server , server -> response@0 / client-1 -> client-1
client @ idle , client-0 @ wait / 2 , client-1 @ wait / 1 , server @ ready ; client-0 -> request@0 / client-0 -> server , client-1 -> request@0 / client-1 -> server , server -> response@0 / client-0 -> client-0
client @ idle , client-0 @ wait / 2 , client-1 @ wait / 1 , server @ ready ; client-0 -> request@0 / client-0 -> server , server -> response@0 / client-0 -> client-0 , server -> response@0 / client-1 -> client-1
client @ idle , client-0 @ wait / 2 , client-1 @ wait / 1 , server @ ready ; client-1 -> request@0 / client-1 -> server , server -> response@0 / client-0 -> client-0 , server -> response@1 / client-0 -> client-0
client @ idle , client-0 @ wait / 2 , client-1 @ wait / 1 , server @ ready ; server -> response@0 / client-0 -> client-0 , server -> response@0 / client-1 -> client-1 , server -> response@1 / client-0 -> client-0
client @ idle , client-0 @ wait / 2 , client-1 @ wait / 2 , server @ busy / client-0 ; client-0 -> request@0 / client-0 -> server , client-1 -> request@0 / client-1 -> server , client-1 -> request@1 / client-1 -> server
client @ idle , client-0 @ wait / 2 , client-1 @ wait / 2 , server @ busy / client-0 ; client-0 -> request@0 / client-0 -> server , client-1 -> request@0 / client-1 -> server , server -> response@0 / client-1 -> client-1
client @ idle , client-0 @ wait / 2 , client-1 @ wait / 2 , server @ busy / client-0 ; client-0 -> request@0 / client-0 -> server , server -> response@0 / client-1 -> client-1 , server -> response@1 / client-1 -> client-1
client @ idle , client-0 @ wait / 2 , client-1 @ wait / 2 , server @ busy / client-0 ; client-1 -> request@0 / client-1 -> server , client-1 -> request@1 / client-1 -> server , server -> response@0 / client-0 -> client-0
client @ idle , client-0 @ wait / 2 , client-1 @ wait / 2 , server @ busy / client-0 ; client-1 -> request@0 / client-1 -> server , server -> response@0 / client-0 -> client-0 , server -> response@0 / client-1 -> client-1
client @ idle , client-0 @ wait / 2 , client-1 @ wait / 2 , server @ busy / client-0 ; server -> response@0 / client-0 -> client-0 , server -> response@0 / client-1 -> client-1 , server -> response@1 / client-1 -> client-1
client @ idle , client-0 @ wait / 2 , client-1 @ wait / 2 , server @ busy / client-1 ; client-0 -> request@0 / client-0 -> server , client-0 -> request@1 / client-0 -> server , client-1 -> request@0 / client-1 -> server
client @ idle , client-0 @ wait / 2 , client-1 @ wait / 2 , server @ busy / client-1 ; client-0 -> request@0 / client-0 -> server , client-0 -> request@1 / client-0 -> server , server -> response@0 / client-1 -> client-1
client @ idle , client-0 @ wait / 2 , client-1 @ wait / 2 , server @ busy / client-1 ; client-0 -> request@0 / client-0 -> server , client-1 -> request@0 / client-1 -> server , server -> response@0 / client-0 -> client-0
client @ idle , client-0 @ wait / 2 , client-1 @ wait / 2 , server @ busy / client-1 ; client-0 -> request@0 / client-0 -> server , server -> response@0 / client-0 -> client-0 , server -> response@0 / client-1 -> client-1
client @ idle , client-0 @ wait / 2 , client-1 @ wait / 2 , server @ busy / client-1 ; client-1 -> request@0 / client-1 -> server , server -> response@0 / client-0 -> client-0 , server -> response@1 / client-0 -> client-0
client @ idle , client-0 @ wait / 2 , client-1 @ wait / 2 , server @ busy / client-1 ; server -> response@0 / client-0 -> client-0 , server -> response@0 / client-1 -> client-1 , server -> response@1 / client-0 -> client-0
client @ idle , client-0 @ wait / 2 , client-1 @ wait / 2 , server @ ready ; client-0 -> request@0 / client-0 -> server , client-0 -> request@1 / client-0 -> server , client-1 -> request@0 / client-1 -> server , client-1 -> request@1 / client-1 -> server
client @ idle , client-0 @ wait / 2 , client-1 @ wait / 2 , server @ ready ; client-0 -> request@0 / client-0 -> server , client-0 -> request@1 / client-0 -> server , client-1 -> request@0 / client-1 -> server , server -> response@0 / client-1 -> client-1
client @ idle , client-0 @ wait / 2 , client-1 @ wait / 2 , server @ ready ; client-0 -> request@0 / client-0 -> server , client-0 -> request@1 / client-0 -> server , server -> response@0 / client-1 -> client-1 , server -> response@1 / client-1 -> client-1
client @ idle , client-0 @ wait / 2 , client-1 @ wait / 2 , server @ ready ; client-0 -> request@0 / client-0 -> server , client-1 -> request@0 / client-1 -> server , client-1 -> request@1 / client-1 -> server , server -> response@0 / client-0 -> client-0
client @ idle , client-0 @ wait / 2 , client-1 @ wait / 2 , server @ ready ; client-0 -> request@0 / client-0 -> server , client-1 -> request@0 / client-1 -> server , server -> response@0 / client-0 -> client-0 , server -> response@0 / client-1 -> client-1
client @ idle , client-0 @ wait / 2 , client-1 @ wait / 2 , server @ ready ; client-0 -> request@0 / client-0 -> server , server -> response@0 / client-0 -> client-0 , server -> response@0 / client-1 -> client-1 , server -> response@1 / client-1 -> client-1
client @ idle , client-0 @ wait / 2 , client-1 @ wait / 2 , server @ ready ; client-1 -> request@0 / client-1 -> server , client-1 -> request@1 / client-1 -> server , server -> response@0 / client-0 -> client-0 , server -> response@1 / client-0 -> client-0
client @ idle , client-0 @ wait / 2 , client-1 @ wait / 2 , server @ ready ; client-1 -> request@0 / client-1 -> server , server -> response@0 / client-0 -> client-0 , server -> response@0 / client-1 -> client-1 , server -> response@1 / client-0 -> client-0
client @ idle , client-0 @ wait / 2 , client-1 @ wait / 2 , server @ ready ; server -> response@0 / client-0 -> client-0 , server -> response@0 / client-1 -> client-1 , server -> response@1 / client-0 -> client-0 , server -> response@1 / client-1 -> client-1
